GEMM Benchmark Suite

GPU: Quadro RTX 8000
Compute Capability: 7.5

         Kernel   DType     M     N     K    Time(ms)      GFLOPSBandwidth(GB/s)
--------------------------------------------------------------------------------

Testing M=128, N=128, K=128
     Lab1_Tiled    FP32   128   128   128       0.013      312.75          14.66
   cuBLAS_SGEMM    FP32   128   128   128       0.008      505.19          23.68
cuBLAS_HGEMM_TensorCore    FP16   128   128   128       0.007      634.58          14.87
Lab2_TensorCore    FP16   128   128   128       0.022      194.95           4.57
Lab2_TensorCore_Optimized    FP16   128   128   128       0.033      126.47           2.96
Lab2_TensorCore_Balanced    FP16   128   128   128       0.020      206.71           4.84

Testing M=256, N=256, K=256
     Lab1_Tiled    FP32   256   256   256       0.031     1085.37          25.44
   cuBLAS_SGEMM    FP32   256   256   256       0.013     2511.56          58.86
cuBLAS_HGEMM_TensorCore    FP16   256   256   256       0.010     3489.44          40.89
Lab2_TensorCore    FP16   256   256   256       0.043      777.41           9.11
Lab2_TensorCore_Optimized    FP16   256   256   256       0.060      562.68           6.59
Lab2_TensorCore_Balanced    FP16   256   256   256       0.033     1003.61          11.76

Testing M=512, N=512, K=512
     Lab1_Tiled    FP32   512   512   512       0.203     1322.74          15.50
   cuBLAS_SGEMM    FP32   512   512   512       0.043     6308.41          73.93
cuBLAS_HGEMM_TensorCore    FP16   512   512   512       0.018    14724.61          86.28
Lab2_TensorCore    FP16   512   512   512       0.162     1656.24           9.70
Lab2_TensorCore_Optimized    FP16   512   512   512       0.118     2278.71          13.35
Lab2_TensorCore_Balanced    FP16   512   512   512       0.091     2958.94          17.34

Testing M=1024, N=1024, K=1024
     Lab1_Tiled    FP32  1024  1024  1024       1.462     1469.17           8.61
   cuBLAS_SGEMM    FP32  1024  1024  1024       0.242     8861.42          51.92
cuBLAS_HGEMM_TensorCore    FP16  1024  1024  1024       0.041    52506.74         153.83
Lab2_TensorCore    FP16  1024  1024  1024       1.135     1891.28           5.54
Lab2_TensorCore_Optimized    FP16  1024  1024  1024       0.877     2449.35           7.18
Lab2_TensorCore_Balanced    FP16  1024  1024  1024       0.480     4471.57          13.10

Testing M=2048, N=2048, K=2048
     Lab1_Tiled    FP32  2048  2048  2048       9.009     1907.03           5.59
   cuBLAS_SGEMM    FP32  2048  2048  2048       1.343    12794.67          37.48
cuBLAS_HGEMM_TensorCore    FP16  2048  2048  2048       0.194    88572.83         129.75
Lab2_TensorCore    FP16  2048  2048  2048       6.564     2617.47           3.83
Lab2_TensorCore_Optimized    FP16  2048  2048  2048       6.911     2485.92           3.64
Lab2_TensorCore_Balanced    FP16  2048  2048  2048       3.570     4812.95           7.05

Testing M=4096, N=4096, K=4096
     Lab1_Tiled    FP32  4096  4096  4096      70.380     1952.80           2.86
   cuBLAS_SGEMM    FP32  4096  4096  4096      10.327    13309.28          19.50
cuBLAS_HGEMM_TensorCore    FP16  4096  4096  4096       1.492    92137.32          67.48
Lab2_TensorCore    FP16  4096  4096  4096      51.861     2650.16           1.94
Lab2_TensorCore_Optimized    FP16  4096  4096  4096      53.560     2566.07           1.88
Lab2_TensorCore_Balanced    FP16  4096  4096  4096      29.753     4619.40           3.38

Testing M=8192, N=8192, K=8192
     Lab1_Tiled    FP32  8192  8192  8192     563.957     1949.64           1.43
   cuBLAS_SGEMM    FP32  8192  8192  8192      81.635    13468.63           9.86
cuBLAS_HGEMM_TensorCore    FP16  8192  8192  8192      12.005    91588.02          33.54
Lab2_TensorCore    FP16  8192  8192  8192     412.935     2662.67           0.98
Lab2_TensorCore_Optimized    FP16  8192  8192  8192     426.940     2575.33           0.94
Lab2_TensorCore_Balanced    FP16  8192  8192  8192     235.263     4673.54           1.71

Testing M=4096, N=256, K=1024
     Lab1_Tiled    FP32  4096   256  1024       1.172     1833.03          18.80
   cuBLAS_SGEMM    FP32  4096   256  1024       0.178    12041.24         123.47
cuBLAS_HGEMM_TensorCore    FP16  4096   256  1024       0.039    54890.29         281.42
Lab2_TensorCore    FP16  4096   256  1024       0.883     2432.59          12.47
Lab2_TensorCore_Optimized    FP16  4096   256  1024       0.746     2879.02          14.76
Lab2_TensorCore_Balanced    FP16  4096   256  1024       0.471     4562.30          23.39

Testing M=1024, N=4096, K=512
     Lab1_Tiled    FP32  1024  4096   512       2.235     1921.65          12.20
   cuBLAS_SGEMM    FP32  1024  4096   512       0.347    12393.94          78.67
cuBLAS_HGEMM_TensorCore    FP16  1024  4096   512       0.064    67486.79         214.19
Lab2_TensorCore    FP16  1024  4096   512       1.650     2603.59           8.26
Lab2_TensorCore_Optimized    FP16  1024  4096   512       1.235     3476.61          11.03
Lab2_TensorCore_Balanced    FP16  1024  4096   512       0.866     4961.82          15.75

Testing M=2048, N=512, K=2048
     Lab1_Tiled    FP32  2048   512  2048       2.253     1905.94          11.17
   cuBLAS_SGEMM    FP32  2048   512  2048       0.347    12368.07          72.47
cuBLAS_HGEMM_TensorCore    FP16  2048   512  2048       0.058    74519.87         218.32
Lab2_TensorCore    FP16  2048   512  2048       1.725     2489.52           7.29
Lab2_TensorCore_Optimized    FP16  2048   512  2048       1.464     2933.85           8.60
Lab2_TensorCore_Balanced    FP16  2048   512  2048       0.912     4706.89          13.79

Testing M=512, N=2048, K=512
     Lab1_Tiled    FP32   512  2048   512       0.557     1928.04          16.95
   cuBLAS_SGEMM    FP32   512  2048   512       0.092    11676.18         102.62
cuBLAS_HGEMM_TensorCore    FP16   512  2048   512       0.019    57299.24         251.80
Lab2_TensorCore    FP16   512  2048   512       0.438     2452.87          10.78
Lab2_TensorCore_Optimized    FP16   512  2048   512       0.350     3068.87          13.49
Lab2_TensorCore_Balanced    FP16   512  2048   512       0.235     4574.69          20.10
Results saved to results/benchmark_results.csv

Benchmark completed!

Validating TensorCore Correctness

Validating TensorCore Correctness
Matrix size: 128x128x128
Max absolute difference: 0.07
Max relative difference: 0.00
Total mismatches: 0 / 16384
Validation PASSED (tolerance: 0.01)

Validating TensorCore Correctness
Matrix size: 512x512x512
Max absolute difference: 0.23
Max relative difference: 0.00
Total mismatches: 0 / 262144
Validation PASSED (tolerance: 0.01)

Validating TensorCore Correctness
Matrix size: 1024x1024x1024
Max absolute difference: 1.79
Max relative difference: 0.01
Total mismatches: 0 / 1048576
Validation PASSED (tolerance: 0.01)

Validation Summary: 3 / 3 tests passed
